../Core/Src/DS1307.c:16:6:DS1307_Init	16	static
../Core/Src/DS1307.c:25:6:DS1307_SetClockHalt	24	static
../Core/Src/DS1307.c:34:9:DS1307_GetClockHalt	8	static
../Core/Src/DS1307.c:43:6:DS1307_SetRegByte	32	static
../Core/Src/DS1307.c:53:9:DS1307_GetRegByte	32	static
../Core/Src/DS1307.c:64:6:DS1307_SetEnableSquareWave	24	static
../Core/Src/DS1307.c:74:6:DS1307_SetInterruptRate	24	static
../Core/Src/DS1307.c:84:9:DS1307_GetDayOfWeek	8	static
../Core/Src/DS1307.c:92:9:DS1307_GetDate	8	static
../Core/Src/DS1307.c:100:9:DS1307_GetMonth	8	static
../Core/Src/DS1307.c:108:10:DS1307_GetYear	16	static
../Core/Src/DS1307.c:117:9:DS1307_GetHour	8	static
../Core/Src/DS1307.c:125:9:DS1307_GetMinute	8	static
../Core/Src/DS1307.c:133:9:DS1307_GetSecond	8	static
../Core/Src/DS1307.c:142:8:DS1307_GetTimeZoneHour	8	static
../Core/Src/DS1307.c:151:9:DS1307_GetTimeZoneMin	8	static
../Core/Src/DS1307.c:159:6:DS1307_SetDayOfWeek	16	static
../Core/Src/DS1307.c:167:6:DS1307_SetDate	16	static
../Core/Src/DS1307.c:175:6:DS1307_SetMonth	16	static
../Core/Src/DS1307.c:183:6:DS1307_SetYear	16	static
../Core/Src/DS1307.c:192:6:DS1307_SetHour	16	static
../Core/Src/DS1307.c:200:6:DS1307_SetMinute	16	static
../Core/Src/DS1307.c:208:6:DS1307_SetSecond	24	static
../Core/Src/DS1307.c:219:6:DS1307_SetTimeZone	16	static
../Core/Src/DS1307.c:229:9:DS1307_DecodeBCD	16	static
../Core/Src/DS1307.c:238:9:DS1307_EncodeBCD	16	static
