../Core/Src/HD44780.c:43:6:HD44780_Init	16	static
../Core/Src/HD44780.c:98:6:HD44780_Clear	8	static
../Core/Src/HD44780.c:104:6:HD44780_Home	8	static
../Core/Src/HD44780.c:110:6:HD44780_SetCursor	40	static
../Core/Src/HD44780.c:120:6:HD44780_NoDisplay	8	static
../Core/Src/HD44780.c:126:6:HD44780_Display	8	static
../Core/Src/HD44780.c:132:6:HD44780_NoCursor	8	static
../Core/Src/HD44780.c:138:6:HD44780_Cursor	8	static
../Core/Src/HD44780.c:144:6:HD44780_NoBlink	8	static
../Core/Src/HD44780.c:150:6:HD44780_Blink	8	static
../Core/Src/HD44780.c:156:6:HD44780_ScrollDisplayLeft	8	static
../Core/Src/HD44780.c:161:6:HD44780_ScrollDisplayRight	8	static
../Core/Src/HD44780.c:166:6:HD44780_LeftToRight	8	static
../Core/Src/HD44780.c:172:6:HD44780_RightToLeft	8	static
../Core/Src/HD44780.c:178:6:HD44780_AutoScroll	8	static
../Core/Src/HD44780.c:184:6:HD44780_NoAutoScroll	8	static
../Core/Src/HD44780.c:190:6:HD44780_CreateSpecialChar	24	static
../Core/Src/HD44780.c:200:6:HD44780_PrintSpecialChar	16	static
../Core/Src/HD44780.c:205:6:HD44780_LoadCustomCharacter	16	static
../Core/Src/HD44780.c:210:6:HD44780_PrintStr	16	static
../Core/Src/HD44780.c:215:6:HD44780_SetBacklight	16	static
../Core/Src/HD44780.c:221:6:HD44780_NoBacklight	8	static
../Core/Src/HD44780.c:227:6:HD44780_Backlight	8	static
../Core/Src/HD44780.c:233:13:SendCommand	16	static
../Core/Src/HD44780.c:238:13:SendChar	16	static
../Core/Src/HD44780.c:243:13:Send	24	static
../Core/Src/HD44780.c:251:13:Write4Bits	16	static
../Core/Src/HD44780.c:257:13:ExpanderWrite	32	static
../Core/Src/HD44780.c:263:13:PulseEnable	16	static
../Core/Src/HD44780.c:272:13:DelayInit	4	static,ignoring_inline_asm
../Core/Src/HD44780.c:288:13:DelayUS	32	static
